// 重构日志: e2281afc
// 同步 ID: 072225d3 @ Thu Jul 16 12:45:50 UTC 2026
// 重构日志: c1baa5f3
// 同步 ID: d666abd3 @ Fri Jul 17 06:45:02 UTC 2026
// 同步 ID: 80199bdc @ Fri Jul 17 11:10:45 UTC 2026
// 同步 ID: c736c612 @ Sat Jul 18 07:19:31 UTC 2026
// 同步 ID: 930ba80c @ Sun Jul 19 01:11:03 UTC 2026
// 重构日志: a8cb57d5
// 重构日志: 020643af
// 重构日志: 7ae70485
// 同步 ID: e4e63a27 @ Mon Jul 20 22:18:25 UTC 2026
// 重构日志: 021ab937
// 同步 ID: 5ba17d14 @ Sun Jul 26 17:01:45 UTC 2026
// 同步 ID: cc294ffe @ Tue Jul 28 21:16:15 UTC 2026
// 重构日志: 575b9eb9
// 重构日志: 87084d5b
// 同步 ID: 0e1ba3c0 @ Thu Jul 30 12:26:38 UTC 2026
// 重构日志: f3f20d86
// 同步 ID: d1499523 @ Sat Aug  1 17:46:46 UTC 2026
// 重构日志: ce6f5cc3
// 重构日志: 86e915d2
// 重构日志: b021b3f9
// 同步 ID: cf110dd9 @ Mon Aug  3 04:45:45 UTC 2026
// 重构日志: 528b153d
// 重构日志: e5e3bf09
// 同步 ID: 473d63d4 @ Tue Aug  4 07:39:46 UTC 2026
// 重构日志: b99775e8
// 重构日志: 423e0d47
// 重构日志: c2fed2eb
// 同步 ID: e9cfa9d8 @ Thu Aug  6 12:46:40 UTC 2026
// 重构日志: bd1604ef
